

================================================================
== Vivado HLS Report for 'fir'
================================================================
* Date:           Thu Oct 11 19:45:21 2018

* Version:        2018.2 (Build 2258646 on Thu Jun 14 20:25:20 MDT 2018)
* Project:        fir_prj
* Solution:       solution1
* Product family: zynq
* Target device:  xc7z020clg400-1


================================================================
== Performance Estimates
================================================================
+ Timing (ns): 
    * Summary: 
    +--------+-------+----------+------------+
    |  Clock | Target| Estimated| Uncertainty|
    +--------+-------+----------+------------+
    |ap_clk  |  10.00|     8.510|        1.25|
    +--------+-------+----------+------------+

+ Latency (clock cycles): 
    * Summary: 
    +-----+-----+-----+-----+---------+
    |  Latency  |  Interval | Pipeline|
    | min | max | min | max |   Type  |
    +-----+-----+-----+-----+---------+
    |  509|  509|  509|  509|   none  |
    +-----+-----+-----+-----+---------+

    + Detail: 
        * Instance: 
        N/A

        * Loop: 
        +----------+-----+-----+----------+-----------+-----------+------+----------+
        |          |  Latency  | Iteration|  Initiation Interval  | Trip |          |
        | Loop Name| min | max |  Latency |  achieved |   target  | Count| Pipelined|
        +----------+-----+-----+----------+-----------+-----------+------+----------+
        |- Loop 1  |  508|  508|         4|          -|          -|   127|    no    |
        +----------+-----+-----+----------+-----------+-----------+------+----------+



================================================================
== Utilization Estimates
================================================================
* Summary: 
+-----------------+---------+-------+--------+-------+
|       Name      | BRAM_18K| DSP48E|   FF   |  LUT  |
+-----------------+---------+-------+--------+-------+
|DSP              |        -|      -|       -|      -|
|Expression       |        -|      3|       0|    151|
|FIFO             |        -|      -|       -|      -|
|Instance         |        0|      -|     112|    168|
|Memory           |        0|      -|       5|     10|
|Multiplexer      |        -|      -|       -|   1138|
|Register         |        -|      -|    4248|      -|
+-----------------+---------+-------+--------+-------+
|Total            |        0|      3|    4365|   1467|
+-----------------+---------+-------+--------+-------+
|Available        |      280|    220|  106400|  53200|
+-----------------+---------+-------+--------+-------+
|Utilization (%)  |        0|      1|       4|      2|
+-----------------+---------+-------+--------+-------+

+ Detail: 
    * Instance: 
    +--------------------+------------------+---------+-------+-----+-----+
    |      Instance      |      Module      | BRAM_18K| DSP48E|  FF | LUT |
    +--------------------+------------------+---------+-------+-----+-----+
    |fir_mul_io_s_axi_U  |fir_mul_io_s_axi  |        0|      0|  112|  168|
    +--------------------+------------------+---------+-------+-----+-----+
    |Total               |                  |        0|      0|  112|  168|
    +--------------------+------------------+---------+-------+-----+-----+

    * DSP48: 
    N/A

    * Memory: 
    +-------+-------+---------+---+----+------+-----+------+-------------+
    | Memory| Module| BRAM_18K| FF| LUT| Words| Bits| Banks| W*Bits*Banks|
    +-------+-------+---------+---+----+------+-----+------+-------------+
    |c_U    |fir_c  |        0|  5|  10|   128|    5|     1|          640|
    +-------+-------+---------+---+----+------+-----+------+-------------+
    |Total  |       |        0|  5|  10|   128|    5|     1|          640|
    +-------+-------+---------+---+----+------+-----+------+-------------+

    * FIFO: 
    N/A

    * Expression: 
    +------------------+----------+-------+---+----+------------+------------+
    |   Variable Name  | Operation| DSP48E| FF| LUT| Bitwidth P0| Bitwidth P1|
    +------------------+----------+-------+---+----+------------+------------+
    |tmp_4_fu_2293_p2  |     *    |      3|  0|  20|           5|          32|
    |k_1_fu_865_p2     |     +    |      0|  0|  15|           7|           2|
    |tmp1_fu_2277_p2   |     +    |      0|  0|  32|          32|          32|
    |tmp_5_fu_2299_p2  |     +    |      0|  0|  39|          32|          32|
    |y                 |     +    |      0|  0|  32|          32|          32|
    |tmp_fu_859_p2     |   icmp   |      0|  0|  11|           7|           1|
    |ap_condition_877  |    or    |      0|  0|   2|           1|           1|
    +------------------+----------+-------+---+----+------------+------------+
    |Total             |          |      3|  0| 151|         116|         132|
    +------------------+----------+-------+---+----+------------+------------+

    * Multiplexer: 
    +------------------------------------------+-----+-----------+-----+-----------+
    |                   Name                   | LUT | Input Size| Bits| Total Bits|
    +------------------------------------------+-----+-----------+-----+-----------+
    |ap_NS_fsm                                 |   33|          6|    1|          6|
    |ap_phi_mux_buff_load_phi_phi_fu_598_p254  |  545|        128|   32|       4096|
    |buff_load_phi_reg_595                     |  542|        127|   32|       4064|
    |k_reg_584                                 |    9|          2|    7|         14|
    |y_load_1_reg_572                          |    9|          2|   32|         64|
    +------------------------------------------+-----+-----------+-----+-----------+
    |Total                                     | 1138|        265|  104|       8244|
    +------------------------------------------+-----+-----------+-----+-----------+

    * Register: 
    +-----------------------+----+----+-----+-----------+
    |          Name         | FF | LUT| Bits| Const Bits|
    +-----------------------+----+----+-----+-----------+
    |ap_CS_fsm              |   5|   0|    5|          0|
    |buff                   |  32|   0|   32|          0|
    |buff_0                 |  32|   0|   32|          0|
    |buff_0_load_reg_2311   |  32|   0|   32|          0|
    |buff_1                 |  32|   0|   32|          0|
    |buff_10                |  32|   0|   32|          0|
    |buff_11                |  32|   0|   32|          0|
    |buff_12                |  32|   0|   32|          0|
    |buff_125               |  32|   0|   32|          0|
    |buff_126               |  32|   0|   32|          0|
    |buff_127               |  32|   0|   32|          0|
    |buff_128               |  32|   0|   32|          0|
    |buff_129               |  32|   0|   32|          0|
    |buff_13                |  32|   0|   32|          0|
    |buff_130               |  32|   0|   32|          0|
    |buff_131               |  32|   0|   32|          0|
    |buff_132               |  32|   0|   32|          0|
    |buff_133               |  32|   0|   32|          0|
    |buff_134               |  32|   0|   32|          0|
    |buff_135               |  32|   0|   32|          0|
    |buff_136               |  32|   0|   32|          0|
    |buff_137               |  32|   0|   32|          0|
    |buff_138               |  32|   0|   32|          0|
    |buff_139               |  32|   0|   32|          0|
    |buff_14                |  32|   0|   32|          0|
    |buff_140               |  32|   0|   32|          0|
    |buff_141               |  32|   0|   32|          0|
    |buff_142               |  32|   0|   32|          0|
    |buff_143               |  32|   0|   32|          0|
    |buff_144               |  32|   0|   32|          0|
    |buff_145               |  32|   0|   32|          0|
    |buff_146               |  32|   0|   32|          0|
    |buff_147               |  32|   0|   32|          0|
    |buff_148               |  32|   0|   32|          0|
    |buff_149               |  32|   0|   32|          0|
    |buff_15                |  32|   0|   32|          0|
    |buff_150               |  32|   0|   32|          0|
    |buff_16                |  32|   0|   32|          0|
    |buff_17                |  32|   0|   32|          0|
    |buff_18                |  32|   0|   32|          0|
    |buff_19                |  32|   0|   32|          0|
    |buff_2                 |  32|   0|   32|          0|
    |buff_20                |  32|   0|   32|          0|
    |buff_21                |  32|   0|   32|          0|
    |buff_22                |  32|   0|   32|          0|
    |buff_23                |  32|   0|   32|          0|
    |buff_24                |  32|   0|   32|          0|
    |buff_25                |  32|   0|   32|          0|
    |buff_26                |  32|   0|   32|          0|
    |buff_27                |  32|   0|   32|          0|
    |buff_28                |  32|   0|   32|          0|
    |buff_29                |  32|   0|   32|          0|
    |buff_3                 |  32|   0|   32|          0|
    |buff_30                |  32|   0|   32|          0|
    |buff_31                |  32|   0|   32|          0|
    |buff_32                |  32|   0|   32|          0|
    |buff_33                |  32|   0|   32|          0|
    |buff_34                |  32|   0|   32|          0|
    |buff_35                |  32|   0|   32|          0|
    |buff_36                |  32|   0|   32|          0|
    |buff_37                |  32|   0|   32|          0|
    |buff_38                |  32|   0|   32|          0|
    |buff_39                |  32|   0|   32|          0|
    |buff_4                 |  32|   0|   32|          0|
    |buff_40                |  32|   0|   32|          0|
    |buff_41                |  32|   0|   32|          0|
    |buff_42                |  32|   0|   32|          0|
    |buff_43                |  32|   0|   32|          0|
    |buff_44                |  32|   0|   32|          0|
    |buff_45                |  32|   0|   32|          0|
    |buff_46                |  32|   0|   32|          0|
    |buff_47                |  32|   0|   32|          0|
    |buff_48                |  32|   0|   32|          0|
    |buff_49                |  32|   0|   32|          0|
    |buff_5                 |  32|   0|   32|          0|
    |buff_50                |  32|   0|   32|          0|
    |buff_51                |  32|   0|   32|          0|
    |buff_52                |  32|   0|   32|          0|
    |buff_53                |  32|   0|   32|          0|
    |buff_54                |  32|   0|   32|          0|
    |buff_55                |  32|   0|   32|          0|
    |buff_56                |  32|   0|   32|          0|
    |buff_57                |  32|   0|   32|          0|
    |buff_58                |  32|   0|   32|          0|
    |buff_59                |  32|   0|   32|          0|
    |buff_6                 |  32|   0|   32|          0|
    |buff_60                |  32|   0|   32|          0|
    |buff_61                |  32|   0|   32|          0|
    |buff_62                |  32|   0|   32|          0|
    |buff_63                |  32|   0|   32|          0|
    |buff_64                |  32|   0|   32|          0|
    |buff_65                |  32|   0|   32|          0|
    |buff_66                |  32|   0|   32|          0|
    |buff_67                |  32|   0|   32|          0|
    |buff_68                |  32|   0|   32|          0|
    |buff_69                |  32|   0|   32|          0|
    |buff_7                 |  32|   0|   32|          0|
    |buff_70                |  32|   0|   32|          0|
    |buff_71                |  32|   0|   32|          0|
    |buff_72                |  32|   0|   32|          0|
    |buff_73                |  32|   0|   32|          0|
    |buff_74                |  32|   0|   32|          0|
    |buff_75                |  32|   0|   32|          0|
    |buff_76                |  32|   0|   32|          0|
    |buff_77                |  32|   0|   32|          0|
    |buff_78                |  32|   0|   32|          0|
    |buff_79                |  32|   0|   32|          0|
    |buff_8                 |  32|   0|   32|          0|
    |buff_80                |  32|   0|   32|          0|
    |buff_81                |  32|   0|   32|          0|
    |buff_82                |  32|   0|   32|          0|
    |buff_83                |  32|   0|   32|          0|
    |buff_84                |  32|   0|   32|          0|
    |buff_85                |  32|   0|   32|          0|
    |buff_86                |  32|   0|   32|          0|
    |buff_87                |  32|   0|   32|          0|
    |buff_88                |  32|   0|   32|          0|
    |buff_89                |  32|   0|   32|          0|
    |buff_9                 |  32|   0|   32|          0|
    |buff_90                |  32|   0|   32|          0|
    |buff_91                |  32|   0|   32|          0|
    |buff_92                |  32|   0|   32|          0|
    |buff_93                |  32|   0|   32|          0|
    |buff_94                |  32|   0|   32|          0|
    |buff_95                |  32|   0|   32|          0|
    |buff_96                |  32|   0|   32|          0|
    |buff_97                |  32|   0|   32|          0|
    |buff_98                |  32|   0|   32|          0|
    |buff_99                |  32|   0|   32|          0|
    |buff_load_phi_reg_595  |  32|   0|   32|          0|
    |c_load_reg_2329        |   5|   0|    5|          0|
    |k_1_reg_2319           |   7|   0|    7|          0|
    |k_reg_584              |   7|   0|    7|          0|
    |tmp_4_reg_2334         |  32|   0|   32|          0|
    |x_read_reg_2304        |  32|   0|   32|          0|
    |y_load_1_reg_572       |  32|   0|   32|          0|
    +-----------------------+----+----+-----+-----------+
    |Total                  |4248|   0| 4248|          0|
    +-----------------------+----+----+-----+-----------+



================================================================
== Interface
================================================================
* Summary: 
+----------------------+-----+-----+------------+--------------+--------------+
|       RTL Ports      | Dir | Bits|  Protocol  | Source Object|    C Type    |
+----------------------+-----+-----+------------+--------------+--------------+
|s_axi_mul_io_AWVALID  |  in |    1|    s_axi   |    mul_io    |    scalar    |
|s_axi_mul_io_AWREADY  | out |    1|    s_axi   |    mul_io    |    scalar    |
|s_axi_mul_io_AWADDR   |  in |    5|    s_axi   |    mul_io    |    scalar    |
|s_axi_mul_io_WVALID   |  in |    1|    s_axi   |    mul_io    |    scalar    |
|s_axi_mul_io_WREADY   | out |    1|    s_axi   |    mul_io    |    scalar    |
|s_axi_mul_io_WDATA    |  in |   32|    s_axi   |    mul_io    |    scalar    |
|s_axi_mul_io_WSTRB    |  in |    4|    s_axi   |    mul_io    |    scalar    |
|s_axi_mul_io_ARVALID  |  in |    1|    s_axi   |    mul_io    |    scalar    |
|s_axi_mul_io_ARREADY  | out |    1|    s_axi   |    mul_io    |    scalar    |
|s_axi_mul_io_ARADDR   |  in |    5|    s_axi   |    mul_io    |    scalar    |
|s_axi_mul_io_RVALID   | out |    1|    s_axi   |    mul_io    |    scalar    |
|s_axi_mul_io_RREADY   |  in |    1|    s_axi   |    mul_io    |    scalar    |
|s_axi_mul_io_RDATA    | out |   32|    s_axi   |    mul_io    |    scalar    |
|s_axi_mul_io_RRESP    | out |    2|    s_axi   |    mul_io    |    scalar    |
|s_axi_mul_io_BVALID   | out |    1|    s_axi   |    mul_io    |    scalar    |
|s_axi_mul_io_BREADY   |  in |    1|    s_axi   |    mul_io    |    scalar    |
|s_axi_mul_io_BRESP    | out |    2|    s_axi   |    mul_io    |    scalar    |
|ap_clk                |  in |    1| ap_ctrl_hs |      fir     | return value |
|ap_rst_n              |  in |    1| ap_ctrl_hs |      fir     | return value |
|interrupt             | out |    1| ap_ctrl_hs |      fir     | return value |
+----------------------+-----+-----+------------+--------------+--------------+

