

================================================================
== Vivado HLS Report for 'dft2'
================================================================
* Date:           Fri Nov  9 20:05:34 2018

* Version:        2017.1 (Build 1846317 on Thu Jun 22 18:17:09 MDT 2017)
* Project:        hls
* Solution:       solution1
* Product family: zynq
* Target device:  xc7z020clg484-1


================================================================
== Performance Estimates
================================================================
+ Timing (ns): 
    * Summary: 
    +--------+-------+----------+------------+
    |  Clock | Target| Estimated| Uncertainty|
    +--------+-------+----------+------------+
    |ap_clk  |  10.00|      7.42|        1.25|
    +--------+-------+----------+------------+

+ Latency (clock cycles): 
    * Summary: 
    +--------+--------+--------+--------+---------+
    |     Latency     |     Interval    | Pipeline|
    |   min  |   max  |   min  |   max  |   Type  |
    +--------+--------+--------+--------+---------+
    |  557313|  557313|  557313|  557313|   none  |
    +--------+--------+--------+--------+---------+

    + Detail: 
        * Instance: 
        N/A

        * Loop: 
        +-------------+--------+--------+----------+-----------+-----------+------+----------+
        |             |     Latency     | Iteration|  Initiation Interval  | Trip |          |
        |  Loop Name  |   min  |   max  |  Latency |  achieved |   target  | Count| Pipelined|
        +-------------+--------+--------+----------+-----------+-----------+------+----------+
        |- loop_out2  |  557312|  557312|      4354|          -|          -|   128|    no    |
        | + loop_in2  |    4352|    4352|        17|          -|          -|   256|    no    |
        +-------------+--------+--------+----------+-----------+-----------+------+----------+



================================================================
== Utilization Estimates
================================================================
* Summary: 
+-----------------+---------+-------+--------+-------+
|       Name      | BRAM_18K| DSP48E|   FF   |  LUT  |
+-----------------+---------+-------+--------+-------+
|DSP              |        -|      -|       -|      -|
|Expression       |        -|      0|       0|    107|
|FIFO             |        -|      -|       -|      -|
|Instance         |        -|     16|     982|   2064|
|Memory           |        2|      -|       0|      0|
|Multiplexer      |        -|      -|       -|    199|
|Register         |        -|      -|     447|      -|
+-----------------+---------+-------+--------+-------+
|Total            |        2|     16|    1429|   2370|
+-----------------+---------+-------+--------+-------+
|Available        |      280|    220|  106400|  53200|
+-----------------+---------+-------+--------+-------+
|Utilization (%)  |    ~0   |      7|       1|      4|
+-----------------+---------+-------+--------+-------+

+ Detail: 
    * Instance: 
    +----------------------------+----------------------+---------+-------+-----+-----+
    |          Instance          |        Module        | BRAM_18K| DSP48E|  FF | LUT |
    +----------------------------+----------------------+---------+-------+-----+-----+
    |top_fadd_32ns_32neOg_x_U13  |top_fadd_32ns_32neOg  |        0|      2|  205|  390|
    |top_faddfsub_32nsdEe_x_U12  |top_faddfsub_32nsdEe  |        0|      2|  205|  390|
    |top_fmul_32ns_32nfYi_x_U14  |top_fmul_32ns_32nfYi  |        0|      3|  143|  321|
    |top_fmul_32ns_32nfYi_x_U15  |top_fmul_32ns_32nfYi  |        0|      3|  143|  321|
    |top_fmul_32ns_32nfYi_x_U16  |top_fmul_32ns_32nfYi  |        0|      3|  143|  321|
    |top_fmul_32ns_32nfYi_x_U17  |top_fmul_32ns_32nfYi  |        0|      3|  143|  321|
    +----------------------------+----------------------+---------+-------+-----+-----+
    |Total                       |                      |        0|     16|  982| 2064|
    +----------------------------+----------------------+---------+-------+-----+-----+

    * DSP48: 
    N/A

    * Memory: 
    +------------------------+----------------------+---------+---+----+------+-----+------+-------------+
    |         Memory         |        Module        | BRAM_18K| FF| LUT| Words| Bits| Banks| W*Bits*Banks|
    +------------------------+----------------------+---------+---+----+------+-----+------+-------------+
    |cos_coefficients_tab_U  |dft1_cos_coefficibkb  |        1|  0|   0|   256|   32|     1|         8192|
    |sin_coefficients_tab_U  |dft1_sin_coefficicud  |        1|  0|   0|   256|   32|     1|         8192|
    +------------------------+----------------------+---------+---+----+------+-----+------+-------------+
    |Total                   |                      |        2|  0|   0|   512|   64|     2|        16384|
    +------------------------+----------------------+---------+---+----+------+-----+------+-------------+

    * FIFO: 
    N/A

    * Expression: 
    +---------------------+----------+-------+---+----+------------+------------+
    |    Variable Name    | Operation| DSP48E| FF| LUT| Bitwidth P0| Bitwidth P1|
    +---------------------+----------+-------+---+----+------------+------------+
    |ind_fu_205_p2        |     *    |      0|  0|  41|           8|           8|
    |n_1_fu_217_p2        |     +    |      0|  0|  16|           9|           1|
    |w_2_fu_195_p2        |     +    |      0|  0|  16|           1|           9|
    |exitcond1_fu_173_p2  |   icmp   |      0|  0|  13|           9|          10|
    |exitcond_fu_189_p2   |   icmp   |      0|  0|  13|           9|          10|
    |ap_block_state1      |    or    |      0|  0|   8|           1|           1|
    +---------------------+----------+-------+---+----+------------+------------+
    |Total                |          |      0|  0| 107|          37|          39|
    +---------------------+----------+-------+---+----+------------+------------+

    * Multiplexer: 
    +-------------------+----+-----------+-----+-----------+
    |        Name       | LUT| Input Size| Bits| Total Bits|
    +-------------------+----+-----------+-----+-----------+
    |ap_NS_fsm          |  97|         20|    1|         20|
    |ap_done            |   9|          2|    1|          2|
    |grp_fu_131_opcode  |  15|          3|    2|          6|
    |grp_fu_131_p0      |  15|          3|   32|         96|
    |grp_fu_131_p1      |  15|          3|   32|         96|
    |grp_fu_135_p0      |  15|          3|   32|         96|
    |grp_fu_135_p1      |  15|          3|   32|         96|
    |n_reg_108          |   9|          2|    9|         18|
    |w_reg_120          |   9|          2|    9|         18|
    +-------------------+----+-----------+-----+-----------+
    |Total              | 199|         41|  150|        448|
    +-------------------+----+-----------+-----+-----------+

    * Register: 
    +--------------------------------+----+----+-----+-----------+
    |              Name              | FF | LUT| Bits| Const Bits|
    +--------------------------------+----+----+-----+-----------+
    |ap_CS_fsm                       |  19|   0|   19|          0|
    |ap_done_reg                     |   1|   0|    1|          0|
    |cos_coefficients_tab_2_reg_269  |  32|   0|   32|          0|
    |dft_imag_addr_reg_231           |   8|   0|    8|          0|
    |dft_imag_load_reg_318           |  32|   0|   32|          0|
    |dft_real_addr_reg_226           |   8|   0|    8|          0|
    |dft_real_load_reg_313           |  32|   0|   32|          0|
    |imag_sample_load_reg_287        |  32|   0|   32|          0|
    |n_reg_108                       |   9|   0|    9|          0|
    |real_sample_load_reg_275        |  32|   0|   32|          0|
    |reg_155                         |  32|   0|   32|          0|
    |reg_161                         |  32|   0|   32|          0|
    |sin_coefficients_tab_2_reg_281  |  32|   0|   32|          0|
    |tmp_2_reg_293                   |  32|   0|   32|          0|
    |tmp_3_reg_298                   |  32|   0|   32|          0|
    |tmp_6_reg_303                   |  32|   0|   32|          0|
    |tmp_7_reg_308                   |  32|   0|   32|          0|
    |w_2_reg_239                     |   9|   0|    9|          0|
    |w_reg_120                       |   9|   0|    9|          0|
    +--------------------------------+----+----+-----+-----------+
    |Total                           | 447|   0|  447|          0|
    +--------------------------------+----+----+-----+-----------+



================================================================
== Interface
================================================================
* Summary: 
+----------------------+-----+-----+------------+--------------+--------------+
|       RTL Ports      | Dir | Bits|  Protocol  | Source Object|    C Type    |
+----------------------+-----+-----+------------+--------------+--------------+
|ap_clk                |  in |    1| ap_ctrl_hs |     dft2     | return value |
|ap_rst                |  in |    1| ap_ctrl_hs |     dft2     | return value |
|ap_start              |  in |    1| ap_ctrl_hs |     dft2     | return value |
|ap_done               | out |    1| ap_ctrl_hs |     dft2     | return value |
|ap_continue           |  in |    1| ap_ctrl_hs |     dft2     | return value |
|ap_idle               | out |    1| ap_ctrl_hs |     dft2     | return value |
|ap_ready              | out |    1| ap_ctrl_hs |     dft2     | return value |
|real_sample_address0  | out |    8|  ap_memory |  real_sample |     array    |
|real_sample_ce0       | out |    1|  ap_memory |  real_sample |     array    |
|real_sample_q0        |  in |   32|  ap_memory |  real_sample |     array    |
|imag_sample_address0  | out |    8|  ap_memory |  imag_sample |     array    |
|imag_sample_ce0       | out |    1|  ap_memory |  imag_sample |     array    |
|imag_sample_q0        |  in |   32|  ap_memory |  imag_sample |     array    |
|dft_real_address0     | out |    8|  ap_memory |   dft_real   |     array    |
|dft_real_ce0          | out |    1|  ap_memory |   dft_real   |     array    |
|dft_real_we0          | out |    1|  ap_memory |   dft_real   |     array    |
|dft_real_d0           | out |   32|  ap_memory |   dft_real   |     array    |
|dft_real_q0           |  in |   32|  ap_memory |   dft_real   |     array    |
|dft_imag_address0     | out |    8|  ap_memory |   dft_imag   |     array    |
|dft_imag_ce0          | out |    1|  ap_memory |   dft_imag   |     array    |
|dft_imag_we0          | out |    1|  ap_memory |   dft_imag   |     array    |
|dft_imag_d0           | out |   32|  ap_memory |   dft_imag   |     array    |
|dft_imag_q0           |  in |   32|  ap_memory |   dft_imag   |     array    |
+----------------------+-----+-----+------------+--------------+--------------+

